Veyra [GIT MODE] reproduction for sih-round2-phase3-comprehensive-remediation-v1.0.1 SUCCESSFUL at commit 45d725540c9ececf4cae9ea3eec7f3bc378bdc79
Tag Dereference Commit SHA: 45d725540c9ececf4cae9ea3eec7f3bc378bdc79
Final HEAD Commit SHA:       45d725540c9ececf4cae9ea3eec7f3bc378bdc79
Scorecard Version:           authoritative-v1
Overall Authoritative Score: 78.49 / 100.00
Scorecard Disposition:       SCORECARD_VERIFIED_75_PLUS
Arithmetic Verification:     PASSED
Evidence Verification:       PASSED
Backend Tests Passed:        1002 (0 failed, 0 errors)
Frontend Tests Passed:       111 across 21 suites
Summary: {
  "schema_version": "1.0.0",
  "timestamp": "2026-09-26T10:57:05.433252+00:00",
  "candidate_tag": "sih-round2-phase3-comprehensive-remediation-v1.0.1",
  "baseline_sha": "94745df06298ee5daab3144e329885f780958bad",
  "checked_out_commit_sha": "45d725540c9ececf4cae9ea3eec7f3bc378bdc79",
  "total_tests": 1113,
  "total_passed": 1113,
  "total_failed": 0,
  "total_errors": 0,
  "total_skipped": 0,
  "backend_result": {
    "framework": "pytest",
    "total_tests": 1002,
    "passed": 1002,
    "failed": 0,
    "errors": 0,
    "skipped": 0,
    "duration_seconds": 45.596,
    "status": "PASSED"
  },
  "frontend_result": {
    "framework": "vitest",
    "test_suites": 21,
    "test_files": 21,
    "total_tests": 111,
    "passed": 111,
    "failed": 0,
    "errors": 0,
    "skipped": 0,
    "pending": 0,
    "todo": 0,
    "success": true,
    "status": "PASSED"
  },
  "status": "PASSED"
}
