Veyra [GIT MODE] reproduction for sih-round2-phase3-remediation-v1.0.0 SUCCESSFUL at commit 42d174f82aceabaefa412a4a7b8f228aea34c716
Summary: {
  "schema_version": "1.0.0",
  "timestamp": "2026-09-26T10:09:05.567365+00:00",
  "candidate_tag": "sih-round2-phase3-remediation-v1.0.0",
  "baseline_sha": "94745df06298ee5daab3144e329885f780958bad",
  "checked_out_commit_sha": "42d174f82aceabaefa412a4a7b8f228aea34c716",
  "total_tests": 1094,
  "total_passed": 1094,
  "total_failed": 0,
  "total_errors": 0,
  "total_skipped": 0,
  "backend_result": {
    "framework": "pytest",
    "total_tests": 983,
    "passed": 983,
    "failed": 0,
    "errors": 0,
    "skipped": 0,
    "duration_seconds": 43.662,
    "status": "PASSED"
  },
  "frontend_result": {
    "framework": "vitest",
    "test_suites": 21,
    "test_files": 21,
    "total_tests": 111,
    "passed": 111,
    "failed": 0,
    "errors": 0,
    "skipped": 0,
    "pending": 0,
    "todo": 0,
    "success": true,
    "status": "PASSED"
  },
  "status": "PASSED"
}
