Veyra [GIT MODE] reproduction for sih-round2-phase2-v1.0.1 SUCCESSFUL at commit caa8ec4f4b94c0032248b498fd8517343ff5f1d2
Summary: {
  "schema_version": "1.0.0",
  "timestamp": "2026-09-26T06:28:04.297687+00:00",
  "candidate_tag": "sih-round2-phase2-v1.0.1",
  "baseline_sha": "94745df06298ee5daab3144e329885f780958bad",
  "checked_out_commit_sha": "caa8ec4f4b94c0032248b498fd8517343ff5f1d2",
  "total_tests": 1075,
  "total_passed": 1075,
  "total_failed": 0,
  "total_errors": 0,
  "total_skipped": 0,
  "backend_result": {
    "framework": "pytest",
    "total_tests": 964,
    "passed": 964,
    "failed": 0,
    "errors": 0,
    "skipped": 0,
    "duration_seconds": 199.344,
    "status": "PASSED"
  },
  "frontend_result": {
    "framework": "vitest",
    "test_suites": 21,
    "test_files": 21,
    "total_tests": 111,
    "passed": 111,
    "failed": 0,
    "errors": 0,
    "skipped": 0,
    "pending": 0,
    "todo": 0,
    "success": true,
    "status": "PASSED"
  },
  "status": "PASSED"
}
